
anton@DESKTOP-V2LUVTK MINGW64 /c/SI_2024_lab1_161241 (master)
$ git remote add origin https://github.com/antoniotsekovski/SI_2024_lab1_161241.git
error: remote origin already exists.

anton@DESKTOP-V2LUVTK MINGW64 /c/SI_2024_lab1_161241 (master)
$ git branch -M master

anton@DESKTOP-V2LUVTK MINGW64 /c/SI_2024_lab1_161241 (master)
$ git push -u origin master
info: please complete authentication in your browser...
Enumerating objects: 3, done.
Counting objects: 100% (3/3), done.
Writing objects: 100% (3/3), 269 bytes | 269.00 KiB/s, done.
Total 3 (delta 0), reused 0 (delta 0), pack-reused 0
To https://github.com/antoniotsekovski/SI_2024_lab1_161241.git
 * [new branch]      master -> master
Branch 'master' set up to track remote branch 'master' from 'origin'.

anton@DESKTOP-V2LUVTK MINGW64 /c/SI_2024_lab1_161241 (master)
$ git remote -v
origin  https://github.com/antoniotsekovski/SI_2024_lab1_161241.git (fetch)
origin  https://github.com/antoniotsekovski/SI_2024_lab1_161241.git (push)

anton@DESKTOP-V2LUVTK MINGW64 /c/SI_2024_lab1_161241 (master)
$ git branch
* master

anton@DESKTOP-V2LUVTK MINGW64 /c/SI_2024_lab1_161241 (master)
$ git push -u origin master
Everything up-to-date
Branch 'master' set up to track remote branch 'master' from 'origin'.

anton@DESKTOP-V2LUVTK MINGW64 /c/SI_2024_lab1_161241 (master)
$ cat README.md
Антонио Цековски 161241

anton@DESKTOP-V2LUVTK MINGW64 /c/SI_2024_lab1_161241 (master)
$ git add README.md

anton@DESKTOP-V2LUVTK MINGW64 /c/SI_2024_lab1_161241 (master)
$ git commit -m "Initial commit"
On branch master
Your branch is up to date with 'origin/master'.

nothing to commit, working tree clean

anton@DESKTOP-V2LUVTK MINGW64 /c/SI_2024_lab1_161241 (master)
$ git push origin master
Everything up-to-date

anton@DESKTOP-V2LUVTK MINGW64 /c/SI_2024_lab1_161241 (master)
$ curl -o SILab1Main.java https://raw.githubusercontent.com/stefanandonov/SI_2024/master/SILab1Main.java
  % Total    % Received % Xferd  Average Speed   Time    Time     Time  Current
                                 Dload  Upload   Total   Spent    Left  Speed
100   363  100   363    0     0    825      0 --:--:-- --:--:-- --:--:--   825

anton@DESKTOP-V2LUVTK MINGW64 /c/SI_2024_lab1_161241 (master)
$ curl -o SILab1_1.java https://raw.githubusercontent.com/stefanandonov/SI_2024/master/SILab1_1.java
  % Total    % Received % Xferd  Average Speed   Time    Time     Time  Current
                                 Dload  Upload   Total   Spent    Left  Speed
100   361  100   361    0     0    853      0 --:--:-- --:--:-- --:--:--   855

anton@DESKTOP-V2LUVTK MINGW64 /c/SI_2024_lab1_161241 (master)
$ curl -o SILab1_2.java https://raw.githubusercontent.com/stefanandonov/SI_2024/master/SILab1_2.java
  % Total    % Received % Xferd  Average Speed   Time    Time     Time  Current
                                 Dload  Upload   Total   Spent    Left  Speed
100   346  100   346    0     0    854      0 --:--:-- --:--:-- --:--:--   854

anton@DESKTOP-V2LUVTK MINGW64 /c/SI_2024_lab1_161241 (master)
$ git add SILab1Main.java SILab1_1.java SILab1_2.java
warning: LF will be replaced by CRLF in SILab1Main.java.
The file will have its original line endings in your working directory
warning: LF will be replaced by CRLF in SILab1_1.java.
The file will have its original line endings in your working directory
warning: LF will be replaced by CRLF in SILab1_2.java.
The file will have its original line endings in your working directory

anton@DESKTOP-V2LUVTK MINGW64 /c/SI_2024_lab1_161241 (master)
$ git commit -m "Add starter code"
[master 188aa64] Add starter code
 3 files changed, 47 insertions(+)
 create mode 100644 SILab1Main.java
 create mode 100644 SILab1_1.java
 create mode 100644 SILab1_2.java

anton@DESKTOP-V2LUVTK MINGW64 /c/SI_2024_lab1_161241 (master)
$ git push origin master
Enumerating objects: 6, done.
Counting objects: 100% (6/6), done.
Delta compression using up to 12 threads
Compressing objects: 100% (5/5), done.
Writing objects: 100% (5/5), 955 bytes | 955.00 KiB/s, done.
Total 5 (delta 0), reused 0 (delta 0), pack-reused 0
To https://github.com/antoniotsekovski/SI_2024_lab1_161241.git
   c75c8a2..188aa64  master -> master

anton@DESKTOP-V2LUVTK MINGW64 /c/SI_2024_lab1_161241 (master)
$ git push -u origin --all
Everything up-to-date
Branch 'master' set up to track remote branch 'master' from 'origin'.

anton@DESKTOP-V2LUVTK MINGW64 /c/SI_2024_lab1_161241 (master)
$ git checkout master
Already on 'master'
Your branch is up to date with 'origin/master'.

anton@DESKTOP-V2LUVTK MINGW64 /c/SI_2024_lab1_161241 (master)
$ git checkout bug1
error: pathspec 'bug1' did not match any file(s) known to git

anton@DESKTOP-V2LUVTK MINGW64 /c/SI_2024_lab1_161241 (master)
$ git checkout -b bug1
Switched to a new branch 'bug1'

anton@DESKTOP-V2LUVTK MINGW64 /c/SI_2024_lab1_161241 (bug1)
$ git checkout -b bug2
Switched to a new branch 'bug2'

anton@DESKTOP-V2LUVTK MINGW64 /c/SI_2024_lab1_161241 (bug2)
$ git checkout bug1
Switched to branch 'bug1'

anton@DESKTOP-V2LUVTK MINGW64 /c/SI_2024_lab1_161241 (bug1)
$ git add SILab1_1.java
warning: LF will be replaced by CRLF in SILab1_1.java.
The file will have its original line endings in your working directory

anton@DESKTOP-V2LUVTK MINGW64 /c/SI_2024_lab1_161241 (bug1)
$ git commit -m "Fix wrong condition in filterOddLengthStrings"
[bug1 be33823] Fix wrong condition in filterOddLengthStrings
 1 file changed, 1 insertion(+), 1 deletion(-)

anton@DESKTOP-V2LUVTK MINGW64 /c/SI_2024_lab1_161241 (bug1)
$ git push origin master
Everything up-to-date

anton@DESKTOP-V2LUVTK MINGW64 /c/SI_2024_lab1_161241 (bug1)
$ git checkout bug2
Switched to branch 'bug2'

anton@DESKTOP-V2LUVTK MINGW64 /c/SI_2024_lab1_161241 (bug2)
$ git add SILab1_2.java
warning: LF will be replaced by CRLF in SILab1_2.java.
The file will have its original line endings in your working directory

anton@DESKTOP-V2LUVTK MINGW64 /c/SI_2024_lab1_161241 (bug2)
$ git commit -m "Fix wrong condition in makeBigStringFrom"
[bug2 6667739] Fix wrong condition in makeBigStringFrom
 1 file changed, 1 insertion(+), 1 deletion(-)

anton@DESKTOP-V2LUVTK MINGW64 /c/SI_2024_lab1_161241 (bug2)
$ git push origin master
Everything up-to-date

anton@DESKTOP-V2LUVTK MINGW64 /c/SI_2024_lab1_161241 (bug2)
$ git add SILab1_1.java

anton@DESKTOP-V2LUVTK MINGW64 /c/SI_2024_lab1_161241 (bug2)
$ git commit -m "Fix wrong condition in filterOddLengthStrings"
[bug2 d4a6ffd] Fix wrong condition in filterOddLengthStrings
 1 file changed, 1 insertion(+), 1 deletion(-)

anton@DESKTOP-V2LUVTK MINGW64 /c/SI_2024_lab1_161241 (bug2)
$ git push origin bug1
Enumerating objects: 5, done.
Counting objects: 100% (5/5), done.
Delta compression using up to 12 threads
Compressing objects: 100% (3/3), done.
Writing objects: 100% (3/3), 333 bytes | 333.00 KiB/s, done.
Total 3 (delta 2), reused 0 (delta 0), pack-reused 0
remote: Resolving deltas: 100% (2/2), completed with 2 local objects.
remote:
remote: Create a pull request for 'bug1' on GitHub by visiting:
remote:      https://github.com/antoniotsekovski/SI_2024_lab1_161241/pull/new/bug1
remote:
To https://github.com/antoniotsekovski/SI_2024_lab1_161241.git
 * [new branch]      bug1 -> bug1

anton@DESKTOP-V2LUVTK MINGW64 /c/SI_2024_lab1_161241 (bug2)
$ git checkout bug1
Switched to branch 'bug1'

anton@DESKTOP-V2LUVTK MINGW64 /c/SI_2024_lab1_161241 (bug1)
$ git add SILab1_1.java

anton@DESKTOP-V2LUVTK MINGW64 /c/SI_2024_lab1_161241 (bug1)
$ git commit -m "Fix wrong condition in filterOddLengthStrings"
On branch bug1
Untracked files:
  (use "git add <file>..." to include in what will be committed)
        .idea/

nothing added to commit but untracked files present (use "git add" to track)

anton@DESKTOP-V2LUVTK MINGW64 /c/SI_2024_lab1_161241 (bug1)
$ git add SILab1_1.java

anton@DESKTOP-V2LUVTK MINGW64 /c/SI_2024_lab1_161241 (bug1)
$ git commit -m "Fix wrong condition in filterOddLengthStrings"
On branch bug1
Untracked files:
  (use "git add <file>..." to include in what will be committed)
        .idea/

nothing added to commit but untracked files present (use "git add" to track)

anton@DESKTOP-V2LUVTK MINGW64 /c/SI_2024_lab1_161241 (bug1)
$ git push origin bug1
Everything up-to-date

anton@DESKTOP-V2LUVTK MINGW64 /c/SI_2024_lab1_161241 (bug1)
$ git checkout bug2
Switched to branch 'bug2'

anton@DESKTOP-V2LUVTK MINGW64 /c/SI_2024_lab1_161241 (bug2)
$ git add SILab1_2.java

anton@DESKTOP-V2LUVTK MINGW64 /c/SI_2024_lab1_161241 (bug2)
$ git commit -m "Fix wrong condition in makeBigStringFrom"
On branch bug2
Untracked files:
  (use "git add <file>..." to include in what will be committed)
        .idea/

nothing added to commit but untracked files present (use "git add" to track)

anton@DESKTOP-V2LUVTK MINGW64 /c/SI_2024_lab1_161241 (bug2)
$ git push origin bug2
Enumerating objects: 9, done.
Counting objects: 100% (9/9), done.
Delta compression using up to 12 threads
Compressing objects: 100% (6/6), done.
Writing objects: 100% (6/6), 705 bytes | 705.00 KiB/s, done.
Total 6 (delta 3), reused 0 (delta 0), pack-reused 0
remote: Resolving deltas: 100% (3/3), completed with 3 local objects.
remote:
remote: Create a pull request for 'bug2' on GitHub by visiting:
remote:      https://github.com/antoniotsekovski/SI_2024_lab1_161241/pull/new/bug2
remote:
To https://github.com/antoniotsekovski/SI_2024_lab1_161241.git
 * [new branch]      bug2 -> bug2

anton@DESKTOP-V2LUVTK MINGW64 /c/SI_2024_lab1_161241 (bug2)
$ git checkout bug1
Switched to branch 'bug1'

anton@DESKTOP-V2LUVTK MINGW64 /c/SI_2024_lab1_161241 (bug1)
$ git add SILab1Main.java
warning: LF will be replaced by CRLF in SILab1Main.java.
The file will have its original line endings in your working directory

anton@DESKTOP-V2LUVTK MINGW64 /c/SI_2024_lab1_161241 (bug1)
$ git commit -m "Call method filterOddLengthStrings in main class"
[bug1 a9a064a] Call method filterOddLengthStrings in main class
 1 file changed, 1 insertion(+)

anton@DESKTOP-V2LUVTK MINGW64 /c/SI_2024_lab1_161241 (bug1)
$ git push origin bug1
Enumerating objects: 5, done.
Counting objects: 100% (5/5), done.
Delta compression using up to 12 threads
Compressing objects: 100% (3/3), done.
Writing objects: 100% (3/3), 398 bytes | 398.00 KiB/s, done.
Total 3 (delta 2), reused 0 (delta 0), pack-reused 0
remote: Resolving deltas: 100% (2/2), completed with 2 local objects.
To https://github.com/antoniotsekovski/SI_2024_lab1_161241.git
   be33823..a9a064a  bug1 -> bug1

anton@DESKTOP-V2LUVTK MINGW64 /c/SI_2024_lab1_161241 (bug1)
$ git checkout bug2
Switched to branch 'bug2'

anton@DESKTOP-V2LUVTK MINGW64 /c/SI_2024_lab1_161241 (bug2)
$ git add SILab1Main.java

anton@DESKTOP-V2LUVTK MINGW64 /c/SI_2024_lab1_161241 (bug2)
$ git commit -m "Call method makeBigStringFrom in main class
> git commit -m "Call method makeBigStringFrom in main class"
>
> .
> "
error: pathspec 'method' did not match any file(s) known to git
error: pathspec 'makeBigStringFrom' did not match any file(s) known to git
error: pathspec 'in' did not match any file(s) known to git
error: pathspec 'main' did not match any file(s) known to git
error: pathspec 'class

.
' did not match any file(s) known to git

anton@DESKTOP-V2LUVTK MINGW64 /c/SI_2024_lab1_161241 (bug2)
$ git commit -m "Call method makeBigStringFrom in main class"
[bug2 9a49daa] Call method makeBigStringFrom in main class
 1 file changed, 1 insertion(+)

anton@DESKTOP-V2LUVTK MINGW64 /c/SI_2024_lab1_161241 (bug2)
$ git push origin bug2
Enumerating objects: 5, done.
Counting objects: 100% (5/5), done.
Delta compression using up to 12 threads
Compressing objects: 100% (3/3), done.
Writing objects: 100% (3/3), 387 bytes | 387.00 KiB/s, done.
Total 3 (delta 2), reused 0 (delta 0), pack-reused 0
remote: Resolving deltas: 100% (2/2), completed with 2 local objects.
To https://github.com/antoniotsekovski/SI_2024_lab1_161241.git
   d4a6ffd..9a49daa  bug2 -> bug2

anton@DESKTOP-V2LUVTK MINGW64 /c/SI_2024_lab1_161241 (bug2)
$ git fetch origin

anton@DESKTOP-V2LUVTK MINGW64 /c/SI_2024_lab1_161241 (bug2)
$ git checkout bug1
Switched to branch 'bug1'

anton@DESKTOP-V2LUVTK MINGW64 /c/SI_2024_lab1_161241 (bug1)
$ git pull origin bug1
From https://github.com/antoniotsekovski/SI_2024_lab1_161241
 * branch            bug1       -> FETCH_HEAD
Already up to date.

anton@DESKTOP-V2LUVTK MINGW64 /c/SI_2024_lab1_161241 (bug1)
$ git push origin bug1
Everything up-to-date

anton@DESKTOP-V2LUVTK MINGW64 /c/SI_2024_lab1_161241 (bug1)
$ git checkout bug2
Switched to branch 'bug2'

anton@DESKTOP-V2LUVTK MINGW64 /c/SI_2024_lab1_161241 (bug2)
$ git pull origin bug2
From https://github.com/antoniotsekovski/SI_2024_lab1_161241
 * branch            bug2       -> FETCH_HEAD
Already up to date.

anton@DESKTOP-V2LUVTK MINGW64 /c/SI_2024_lab1_161241 (bug2)
$ git push origin bug2
Everything up-to-date

anton@DESKTOP-V2LUVTK MINGW64 /c/SI_2024_lab1_161241 (bug2)
$ git push --all origin
Everything up-to-date

anton@DESKTOP-V2LUVTK MINGW64 /c/SI_2024_lab1_161241 (bug2)
$ git merge bug1
Auto-merging SILab1Main.java
CONFLICT (content): Merge conflict in SILab1Main.java
Automatic merge failed; fix conflicts and then commit the result.

anton@DESKTOP-V2LUVTK MINGW64 /c/SI_2024_lab1_161241 (bug2|MERGING)
$ git add logs.txt

anton@DESKTOP-V2LUVTK MINGW64 /c/SI_2024_lab1_161241 (bug2|MERGING)
$ git add 161241.txt

anton@DESKTOP-V2LUVTK MINGW64 /c/SI_2024_lab1_161241 (bug2|MERGING)
$

anton@DESKTOP-V2LUVTK MINGW64 /c/SI_2024_lab1_161241 (bug2|MERGING)
$ git commit -m "Final commit"
error: Committing is not possible because you have unmerged files.
hint: Fix them up in the work tree, and then use 'git add/rm <file>'
hint: as appropriate to mark resolution and make a commit.
fatal: Exiting because of an unresolved conflict.
U       SILab1Main.java

anton@DESKTOP-V2LUVTK MINGW64 /c/SI_2024_lab1_161241 (bug2|MERGING)
$ git push origin master
Everything up-to-date

anton@DESKTOP-V2LUVTK MINGW64 /c/SI_2024_lab1_161241 (bug2|MERGING)
$ git push --all origin
Everything up-to-date

anton@DESKTOP-V2LUVTK MINGW64 /c/SI_2024_lab1_161241 (bug2|MERGING)
$ git push origin master
Everything up-to-date

anton@DESKTOP-V2LUVTK MINGW64 /c/SI_2024_lab1_161241 (bug2|MERGING)
$ git checkout master
error: you need to resolve your current index first
SILab1Main.java: needs merge

anton@DESKTOP-V2LUVTK MINGW64 /c/SI_2024_lab1_161241 (bug2|MERGING)
$ git merge-- abort
git: 'merge--' is not a git command. See 'git --help'.

The most similar commands are
        merge-base
        merge-file
        merge-ours
        merge-tree

anton@DESKTOP-V2LUVTK MINGW64 /c/SI_2024_lab1_161241 (bug2|MERGING)
$ git merge --abort
error: Entry '161241.txt' not uptodate. Cannot merge.
fatal: Could not reset index file to revision 'HEAD'.

anton@DESKTOP-V2LUVTK MINGW64 /c/SI_2024_lab1_161241 (bug2|MERGING)
$ git merge --abort
error: Entry '161241.txt' not uptodate. Cannot merge.
fatal: Could not reset index file to revision 'HEAD'.

anton@DESKTOP-V2LUVTK MINGW64 /c/SI_2024_lab1_161241 (bug2|MERGING)
$ git checkout master
error: you need to resolve your current index first
SILab1Main.java: needs merge

anton@DESKTOP-V2LUVTK MINGW64 /c/SI_2024_lab1_161241 (bug2|MERGING)
$ ^C

anton@DESKTOP-V2LUVTK MINGW64 /c/SI_2024_lab1_161241 (bug2|MERGING)
$ git add .
warning: LF will be replaced by CRLF in .idea/workspace.xml.
The file will have its original line endings in your working directory

anton@DESKTOP-V2LUVTK MINGW64 /c/SI_2024_lab1_161241 (bug2|MERGING)
$ git reset --merge

anton@DESKTOP-V2LUVTK MINGW64 /c/SI_2024_lab1_161241 (bug2)
$ git checkout master
Switched to branch 'master'
Your branch is up to date with 'origin/master'.

anton@DESKTOP-V2LUVTK MINGW64 /c/SI_2024_lab1_161241 (master)
$ git merge bug1
Updating 188aa64..a9a064a
Fast-forward
 SILab1Main.java | 1 +
 SILab1_1.java   | 2 +-
 2 files changed, 2 insertions(+), 1 deletion(-)

anton@DESKTOP-V2LUVTK MINGW64 /c/SI_2024_lab1_161241 (master)
$ git push -all origin
error: did you mean `--all` (with two dashes)?

anton@DESKTOP-V2LUVTK MINGW64 /c/SI_2024_lab1_161241 (master)
$ git push --all origin
Total 0 (delta 0), reused 0 (delta 0), pack-reused 0
To https://github.com/antoniotsekovski/SI_2024_lab1_161241.git
   188aa64..a9a064a  master -> master

anton@DESKTOP-V2LUVTK MINGW64 /c/SI_2024_lab1_161241 (master)
$ git checkout bug2
Switched to branch 'bug2'

anton@DESKTOP-V2LUVTK MINGW64 /c/SI_2024_lab1_161241 (bug2)
$ git fetch origin master
From https://github.com/antoniotsekovski/SI_2024_lab1_161241
 * branch            master     -> FETCH_HEAD

anton@DESKTOP-V2LUVTK MINGW64 /c/SI_2024_lab1_161241 (bug2)
$ git rebase origin/master
error: could not apply 9a49daa... Call method makeBigStringFrom in main class
Resolve all conflicts manually, mark them as resolved with
"git add/rm <conflicted_files>", then run "git rebase --continue".
You can instead skip this commit: run "git rebase --skip".
To abort and get back to the state before "git rebase", run "git rebase --abort".
Could not apply 9a49daa... Call method makeBigStringFrom in main class
Auto-merging SILab1Main.java
CONFLICT (content): Merge conflict in SILab1Main.java

anton@DESKTOP-V2LUVTK MINGW64 /c/SI_2024_lab1_161241 (bug2|REBASE 2/2)
$ git add SILab1Main.java

anton@DESKTOP-V2LUVTK MINGW64 /c/SI_2024_lab1_161241 (bug2|REBASE 2/2)
$ git rebase --continue
[detached HEAD 91e59a0] Call method makeBigStringFrom in main class
 1 file changed, 1 deletion(-)
Successfully rebased and updated refs/heads/bug2.

anton@DESKTOP-V2LUVTK MINGW64 /c/SI_2024_lab1_161241 (bug2)
$ git checkout master
Switched to branch 'master'
Your branch is up to date with 'origin/master'.

anton@DESKTOP-V2LUVTK MINGW64 /c/SI_2024_lab1_161241 (master)
$ git merge bug2
Updating a9a064a..91e59a0
Fast-forward
 SILab1Main.java | 1 -
 SILab1_2.java   | 2 +-
 2 files changed, 1 insertion(+), 2 deletions(-)

anton@DESKTOP-V2LUVTK MINGW64 /c/SI_2024_lab1_161241 (master)
$ ^C

anton@DESKTOP-V2LUVTK MINGW64 /c/SI_2024_lab1_161241 (master)
$ git push --all origin
Enumerating objects: 9, done.
Counting objects: 100% (9/9), done.
Delta compression using up to 12 threads
Compressing objects: 100% (6/6), done.
Writing objects: 100% (6/6), 659 bytes | 659.00 KiB/s, done.
Total 6 (delta 4), reused 0 (delta 0), pack-reused 0
remote: Resolving deltas: 100% (4/4), completed with 3 local objects.
To https://github.com/antoniotsekovski/SI_2024_lab1_161241.git
   a9a064a..91e59a0  master -> master
 ! [rejected]        bug2 -> bug2 (non-fast-forward)
error: failed to push some refs to 'https://github.com/antoniotsekovski/SI_2024_lab1_161241.
git'
hint: Updates were rejected because a pushed branch tip is behind its remote
hint: counterpart. Check out this branch and integrate the remote changes
hint: (e.g. 'git pull ...') before pushing again.
hint: See the 'Note about fast-forwards' in 'git push --help' for details.

anton@DESKTOP-V2LUVTK MINGW64 /c/SI_2024_lab1_161241 (master)
$ ^C

anton@DESKTOP-V2LUVTK MINGW64 /c/SI_2024_lab1_161241 (master)
$ git push -f
Everything up-to-date

anton@DESKTOP-V2LUVTK MINGW64 /c/SI_2024_lab1_161241 (master)
$ git push --all origin
To https://github.com/antoniotsekovski/SI_2024_lab1_161241.git
 ! [rejected]        bug2 -> bug2 (non-fast-forward)
error: failed to push some refs to 'https://github.com/antoniotsekovski/SI_2024_lab1_161241.
git'
hint: Updates were rejected because a pushed branch tip is behind its remote
hint: counterpart. Check out this branch and integrate the remote changes
hint: (e.g. 'git pull ...') before pushing again.
hint: See the 'Note about fast-forwards' in 'git push --help' for details.

anton@DESKTOP-V2LUVTK MINGW64 /c/SI_2024_lab1_161241 (master)
$ git push -f origin master
Everything up-to-date

anton@DESKTOP-V2LUVTK MINGW64 /c/SI_2024_lab1_161241 (master)
$ git pull origin -all
error: did you mean `--all` (with two dashes)?

anton@DESKTOP-V2LUVTK MINGW64 /c/SI_2024_lab1_161241 (master)
$ git pull origin --all
fatal: fetch --all does not take a repository argument

anton@DESKTOP-V2LUVTK MINGW64 /c/SI_2024_lab1_161241 (master)
$ git pull origin bug2
From https://github.com/antoniotsekovski/SI_2024_lab1_161241
 * branch            bug2       -> FETCH_HEAD
Merge made by the 'recursive' strategy.
 SILab1Main.java | 1 +
 1 file changed, 1 insertion(+)

anton@DESKTOP-V2LUVTK MINGW64 /c/SI_2024_lab1_161241 (master)
$ git push --all origin
Enumerating objects: 1, done.
Counting objects: 100% (1/1), done.
Writing objects: 100% (1/1), 280 bytes | 280.00 KiB/s, done.
Total 1 (delta 0), reused 0 (delta 0), pack-reused 0
To https://github.com/antoniotsekovski/SI_2024_lab1_161241.git
   91e59a0..7609681  master -> master
 ! [rejected]        bug2 -> bug2 (non-fast-forward)
error: failed to push some refs to 'https://github.com/antoniotsekovski/SI_2024_lab1_161241.
git'
hint: Updates were rejected because a pushed branch tip is behind its remote
hint: counterpart. Check out this branch and integrate the remote changes
hint: (e.g. 'git pull ...') before pushing again.
hint: See the 'Note about fast-forwards' in 'git push --help' for details.

anton@DESKTOP-V2LUVTK MINGW64 /c/SI_2024_lab1_161241 (master)
$ git push -f origin master
Everything up-to-date

anton@DESKTOP-V2LUVTK MINGW64 /c/SI_2024_lab1_161241 (master)
$ git push --force --all origin master
fatal: --all can't be combined with refspecs

anton@DESKTOP-V2LUVTK MINGW64 /c/SI_2024_lab1_161241 (master)
$ git push --force origin master
Everything up-to-date

anton@DESKTOP-V2LUVTK MINGW64 /c/SI_2024_lab1_161241 (master)
$ git push --all origin
To https://github.com/antoniotsekovski/SI_2024_lab1_161241.git
 ! [rejected]        bug2 -> bug2 (non-fast-forward)
error: failed to push some refs to 'https://github.com/antoniotsekovski/SI_2024_lab1_161241.
git'
hint: Updates were rejected because a pushed branch tip is behind its remote
hint: counterpart. Check out this branch and integrate the remote changes
hint: (e.g. 'git pull ...') before pushing again.
hint: See the 'Note about fast-forwards' in 'git push --help' for details.

anton@DESKTOP-V2LUVTK MINGW64 /c/SI_2024_lab1_161241 (master)
$ git push --force origin bug2
Total 0 (delta 0), reused 0 (delta 0), pack-reused 0
To https://github.com/antoniotsekovski/SI_2024_lab1_161241.git
 + 9a49daa...91e59a0 bug2 -> bug2 (forced update)